[2024-03-11T19:02:46.003+0000][0.013s] Using G1
[2024-03-11T19:02:46.057+0000][0.067s] Version: 17.0.10+7 (release)
[2024-03-11T19:02:46.057+0000][0.067s] CPUs: 8 total, 8 available
[2024-03-11T19:02:46.057+0000][0.067s] Memory: 7877M
[2024-03-11T19:02:46.057+0000][0.067s] Large Page Support: Disabled
[2024-03-11T19:02:46.058+0000][0.068s] NUMA Support: Disabled
[2024-03-11T19:02:46.058+0000][0.068s] Compressed Oops: Enabled (32-bit)
[2024-03-11T19:02:46.058+0000][0.068s] Heap Region Size: 1M
[2024-03-11T19:02:46.058+0000][0.068s] Heap Min Capacity: 512M
[2024-03-11T19:02:46.058+0000][0.068s] Heap Initial Capacity: 512M
[2024-03-11T19:02:46.059+0000][0.069s] Heap Max Capacity: 512M
[2024-03-11T19:02:46.059+0000][0.069s] Pre-touch: Enabled
[2024-03-11T19:02:46.059+0000][0.069s] Parallel Workers: 8
[2024-03-11T19:02:46.059+0000][0.069s] Concurrent Workers: 2
[2024-03-11T19:02:46.059+0000][0.069s] Concurrent Refinement Workers: 8
[2024-03-11T19:02:46.059+0000][0.069s] Periodic GC: Disabled
[2024-03-11T19:02:46.065+0000][0.075s] CDS archive(s) mapped at: [0x00007fddf7000000-0x00007fddf7a5f000-0x00007fddf7a5f000), size 10874880, SharedBaseAddress: 0x00007fddf7000000, ArchiveRelocationMode: 1.
[2024-03-11T19:02:46.066+0000][0.075s] Compressed class space mapped at: 0x00007fddf8000000-0x00007fde38000000, reserved size: 1073741824
[2024-03-11T19:02:46.066+0000][0.076s] Narrow klass base: 0x00007fddf7000000, Narrow klass shift: 0, Narrow klass range: 0x100000000
[2024-03-11T19:02:47.098+0000][1.108s] GC(0) Pause Young (Normal) (G1 Evacuation Pause)
[2024-03-11T19:02:47.098+0000][1.108s] GC(0) Using 8 workers of 8 for evacuation
[2024-03-11T19:02:47.103+0000][1.112s] GC(0)   Pre Evacuate Collection Set: 0.2ms
[2024-03-11T19:02:47.103+0000][1.113s] GC(0)   Merge Heap Roots: 0.3ms
[2024-03-11T19:02:47.103+0000][1.113s] GC(0)   Evacuate Collection Set: 2.7ms
[2024-03-11T19:02:47.104+0000][1.114s] GC(0)   Post Evacuate Collection Set: 0.8ms
[2024-03-11T19:02:47.104+0000][1.114s] GC(0)   Other: 0.9ms
[2024-03-11T19:02:47.105+0000][1.115s] GC(0) Eden regions: 29->0(57)
[2024-03-11T19:02:47.105+0000][1.115s] GC(0) Survivor regions: 0->4(4)
[2024-03-11T19:02:47.105+0000][1.115s] GC(0) Old regions: 0->1
[2024-03-11T19:02:47.106+0000][1.116s] GC(0) Archive regions: 2->2
[2024-03-11T19:02:47.106+0000][1.116s] GC(0) Humongous regions: 0->0
[2024-03-11T19:02:47.106+0000][1.116s] GC(0) Metaspace: 9954K(10240K)->9954K(10240K) NonClass: 8716K(8832K)->8716K(8832K) Class: 1238K(1408K)->1238K(1408K)
[2024-03-11T19:02:47.107+0000][1.117s] GC(0) Pause Young (Normal) (G1 Evacuation Pause) 29M->5M(512M) 9.205ms
[2024-03-11T19:02:47.107+0000][1.117s] GC(0) User=0.01s Sys=0.00s Real=0.01s
[2024-03-11T19:02:47.829+0000][1.838s] GC(1) Pause Young (Normal) (G1 Evacuation Pause)
[2024-03-11T19:02:47.829+0000][1.839s] GC(1) Using 8 workers of 8 for evacuation
[2024-03-11T19:02:47.837+0000][1.847s] GC(1)   Pre Evacuate Collection Set: 0.2ms
[2024-03-11T19:02:47.838+0000][1.848s] GC(1)   Merge Heap Roots: 0.1ms
[2024-03-11T19:02:47.838+0000][1.848s] GC(1)   Evacuate Collection Set: 7.3ms
[2024-03-11T19:02:47.838+0000][1.848s] GC(1)   Post Evacuate Collection Set: 0.7ms
[2024-03-11T19:02:47.838+0000][1.848s] GC(1)   Other: 0.5ms
[2024-03-11T19:02:47.838+0000][1.848s] GC(1) Eden regions: 53->0(119)
[2024-03-11T19:02:47.838+0000][1.848s] GC(1) Survivor regions: 4->8(8)
[2024-03-11T19:02:47.838+0000][1.848s] GC(1) Old regions: 1->9
[2024-03-11T19:02:47.839+0000][1.849s] GC(1) Archive regions: 2->2
[2024-03-11T19:02:47.839+0000][1.849s] GC(1) Humongous regions: 4->4
[2024-03-11T19:02:47.839+0000][1.849s] GC(1) Metaspace: 17873K(18176K)->17873K(18176K) NonClass: 15666K(15872K)->15666K(15872K) Class: 2207K(2304K)->2207K(2304K)
[2024-03-11T19:02:47.839+0000][1.849s] GC(1) Pause Young (Normal) (G1 Evacuation Pause) 62M->21M(512M) 10.499ms
[2024-03-11T19:02:47.839+0000][1.849s] GC(1) User=0.08s Sys=0.00s Real=0.01s
[2024-03-11T19:02:48.246+0000][2.256s] GC(2) Pause Young (Concurrent Start) (Metadata GC Threshold)
[2024-03-11T19:02:48.246+0000][2.256s] GC(2) Using 8 workers of 8 for evacuation
[2024-03-11T19:02:48.252+0000][2.262s] GC(2)   Pre Evacuate Collection Set: 0.2ms
[2024-03-11T19:02:48.253+0000][2.263s] GC(2)   Merge Heap Roots: 0.2ms
[2024-03-11T19:02:48.253+0000][2.263s] GC(2)   Evacuate Collection Set: 4.7ms
[2024-03-11T19:02:48.253+0000][2.263s] GC(2)   Post Evacuate Collection Set: 0.9ms
[2024-03-11T19:02:48.253+0000][2.263s] GC(2)   Other: 0.9ms
[2024-03-11T19:02:48.254+0000][2.263s] GC(2) Eden regions: 33->0(156)
[2024-03-11T19:02:48.254+0000][2.264s] GC(2) Survivor regions: 8->9(13)
[2024-03-11T19:02:48.254+0000][2.264s] GC(2) Old regions: 9->12
[2024-03-11T19:02:48.254+0000][2.264s] GC(2) Archive regions: 2->2
[2024-03-11T19:02:48.254+0000][2.264s] GC(2) Humongous regions: 4->4
[2024-03-11T19:02:48.255+0000][2.265s] GC(2) Metaspace: 21196K(21504K)->21196K(21504K) NonClass: 18582K(18752K)->18582K(18752K) Class: 2613K(2752K)->2613K(2752K)
[2024-03-11T19:02:48.255+0000][2.265s] GC(2) Pause Young (Concurrent Start) (Metadata GC Threshold) 54M->24M(512M) 9.242ms
[2024-03-11T19:02:48.255+0000][2.265s] GC(2) User=0.05s Sys=0.00s Real=0.01s
[2024-03-11T19:02:48.255+0000][2.265s] GC(3) Concurrent Mark Cycle
[2024-03-11T19:02:48.256+0000][2.266s] GC(3) Concurrent Clear Claimed Marks
[2024-03-11T19:02:48.256+0000][2.266s] GC(3) Concurrent Clear Claimed Marks 0.208ms
[2024-03-11T19:02:48.256+0000][2.266s] GC(3) Concurrent Scan Root Regions
[2024-03-11T19:02:48.259+0000][2.269s] GC(3) Concurrent Scan Root Regions 2.857ms
[2024-03-11T19:02:48.259+0000][2.269s] GC(3) Concurrent Mark
[2024-03-11T19:02:48.259+0000][2.269s] GC(3) Concurrent Mark From Roots
[2024-03-11T19:02:48.260+0000][2.270s] GC(3) Using 2 workers of 2 for marking
[2024-03-11T19:02:48.272+0000][2.282s] GC(3) Concurrent Mark From Roots 12.507ms
[2024-03-11T19:02:48.272+0000][2.282s] GC(3) Concurrent Preclean
[2024-03-11T19:02:48.272+0000][2.282s] GC(3) Concurrent Preclean 0.316ms
[2024-03-11T19:02:48.274+0000][2.284s] GC(3) Pause Remark
[2024-03-11T19:02:48.277+0000][2.287s] GC(3) Pause Remark 25M->25M(512M) 2.964ms
[2024-03-11T19:02:48.277+0000][2.287s] GC(3) User=0.01s Sys=0.00s Real=0.00s
[2024-03-11T19:02:48.277+0000][2.287s] GC(3) Concurrent Mark 18.312ms
[2024-03-11T19:02:48.278+0000][2.288s] GC(3) Concurrent Rebuild Remembered Sets
[2024-03-11T19:02:48.285+0000][2.294s] GC(3) Concurrent Rebuild Remembered Sets 6.828ms
[2024-03-11T19:02:48.285+0000][2.295s] GC(3) Pause Cleanup
[2024-03-11T19:02:48.286+0000][2.295s] GC(3) Pause Cleanup 25M->25M(512M) 0.491ms
[2024-03-11T19:02:48.286+0000][2.296s] GC(3) User=0.00s Sys=0.00s Real=0.00s
[2024-03-11T19:02:48.286+0000][2.296s] GC(3) Concurrent Cleanup for Next Mark
[2024-03-11T19:02:48.287+0000][2.297s] GC(3) Concurrent Cleanup for Next Mark 0.715ms
[2024-03-11T19:02:48.287+0000][2.297s] GC(3) Concurrent Mark Cycle 31.691ms
[2024-03-11T19:02:49.970+0000][3.980s] GC(4) Pause Young (Concurrent Start) (Metadata GC Threshold)
[2024-03-11T19:02:49.970+0000][3.980s] GC(4) Using 8 workers of 8 for evacuation
[2024-03-11T19:02:49.977+0000][3.987s] GC(4)   Pre Evacuate Collection Set: 0.2ms
[2024-03-11T19:02:49.977+0000][3.987s] GC(4)   Merge Heap Roots: 0.1ms
[2024-03-11T19:02:49.977+0000][3.987s] GC(4)   Evacuate Collection Set: 5.1ms
[2024-03-11T19:02:49.977+0000][3.987s] GC(4)   Post Evacuate Collection Set: 1.1ms
[2024-03-11T19:02:49.977+0000][3.987s] GC(4)   Other: 0.5ms
[2024-03-11T19:02:49.978+0000][3.988s] GC(4) Eden regions: 103->0(293)
[2024-03-11T19:02:49.978+0000][3.988s] GC(4) Survivor regions: 9->14(21)
[2024-03-11T19:02:49.978+0000][3.988s] GC(4) Old regions: 12->12
[2024-03-11T19:02:49.978+0000][3.988s] GC(4) Archive regions: 2->2
[2024-03-11T19:02:49.978+0000][3.988s] GC(4) Humongous regions: 4->4
[2024-03-11T19:02:49.978+0000][3.988s] GC(4) Metaspace: 35761K(36160K)->35761K(36160K) NonClass: 31277K(31424K)->31277K(31424K) Class: 4484K(4736K)->4484K(4736K)
[2024-03-11T19:02:49.978+0000][3.988s] GC(4) Pause Young (Concurrent Start) (Metadata GC Threshold) 127M->29M(512M) 8.692ms
[2024-03-11T19:02:49.979+0000][3.989s] GC(4) User=0.04s Sys=0.00s Real=0.00s
[2024-03-11T19:02:49.979+0000][3.989s] GC(5) Concurrent Mark Cycle
[2024-03-11T19:02:49.979+0000][3.989s] GC(5) Concurrent Clear Claimed Marks
[2024-03-11T19:02:49.979+0000][3.989s] GC(5) Concurrent Clear Claimed Marks 0.176ms
[2024-03-11T19:02:49.979+0000][3.989s] GC(5) Concurrent Scan Root Regions
[2024-03-11T19:02:49.984+0000][3.994s] GC(5) Concurrent Scan Root Regions 4.872ms
[2024-03-11T19:02:49.984+0000][3.994s] GC(5) Concurrent Mark
[2024-03-11T19:02:49.985+0000][3.995s] GC(5) Concurrent Mark From Roots
[2024-03-11T19:02:49.985+0000][3.995s] GC(5) Using 2 workers of 2 for marking
[2024-03-11T19:02:49.997+0000][4.007s] GC(5) Concurrent Mark From Roots 12.364ms
[2024-03-11T19:02:49.997+0000][4.007s] GC(5) Concurrent Preclean
[2024-03-11T19:02:49.998+0000][4.008s] GC(5) Concurrent Preclean 0.303ms
[2024-03-11T19:02:49.998+0000][4.008s] GC(5) Pause Remark
[2024-03-11T19:02:50.000+0000][4.010s] GC(5) Pause Remark 31M->31M(512M) 2.339ms
[2024-03-11T19:02:50.000+0000][4.010s] GC(5) User=0.01s Sys=0.00s Real=0.01s
[2024-03-11T19:02:50.001+0000][4.011s] GC(5) Concurrent Mark 16.256ms
[2024-03-11T19:02:50.001+0000][4.011s] GC(5) Concurrent Rebuild Remembered Sets
[2024-03-11T19:02:50.006+0000][4.016s] GC(5) Concurrent Rebuild Remembered Sets 5.533ms
[2024-03-11T19:02:50.007+0000][4.017s] GC(5) Pause Cleanup
[2024-03-11T19:02:50.007+0000][4.017s] GC(5) Pause Cleanup 32M->32M(512M) 0.370ms
[2024-03-11T19:02:50.007+0000][4.017s] GC(5) User=0.00s Sys=0.00s Real=0.00s
[2024-03-11T19:02:50.008+0000][4.018s] GC(5) Concurrent Cleanup for Next Mark
[2024-03-11T19:02:50.008+0000][4.018s] GC(5) Concurrent Cleanup for Next Mark 0.640ms
[2024-03-11T19:02:50.009+0000][4.019s] GC(5) Concurrent Mark Cycle 29.938ms
[2024-03-11T19:28:48.322+0000][1562.337s] GC(6) Pause Young (Prepare Mixed) (G1 Evacuation Pause)
[2024-03-11T19:28:48.323+0000][1562.337s] GC(6) Using 8 workers of 8 for evacuation
[2024-03-11T19:28:48.336+0000][1562.350s] GC(6)   Pre Evacuate Collection Set: 0.2ms
[2024-03-11T19:28:48.336+0000][1562.351s] GC(6)   Merge Heap Roots: 0.1ms
[2024-03-11T19:28:48.336+0000][1562.351s] GC(6)   Evacuate Collection Set: 10.7ms
[2024-03-11T19:28:48.337+0000][1562.351s] GC(6)   Post Evacuate Collection Set: 1.7ms
[2024-03-11T19:28:48.337+0000][1562.352s] GC(6)   Other: 0.6ms
[2024-03-11T19:28:48.338+0000][1562.352s] GC(6) Eden regions: 293->0(1)
[2024-03-11T19:28:48.338+0000][1562.353s] GC(6) Survivor regions: 14->31(39)
[2024-03-11T19:28:48.338+0000][1562.353s] GC(6) Old regions: 12->12
[2024-03-11T19:28:48.339+0000][1562.353s] GC(6) Archive regions: 2->2
[2024-03-11T19:28:48.339+0000][1562.353s] GC(6) Humongous regions: 4->4
[2024-03-11T19:28:48.339+0000][1562.354s] GC(6) Metaspace: 56681K(57216K)->56681K(57216K) NonClass: 49381K(49664K)->49381K(49664K) Class: 7300K(7552K)->7300K(7552K)
[2024-03-11T19:28:48.339+0000][1562.354s] GC(6) Pause Young (Prepare Mixed) (G1 Evacuation Pause) 322M->46M(512M) 17.125ms
[2024-03-11T19:28:48.340+0000][1562.354s] GC(6) User=0.08s Sys=0.00s Real=0.02s
[2024-03-11T19:28:48.375+0000][1562.390s] GC(7) Pause Young (Mixed) (G1 Evacuation Pause)
[2024-03-11T19:28:48.375+0000][1562.390s] GC(7) Using 8 workers of 8 for evacuation
[2024-03-11T19:28:48.388+0000][1562.403s] GC(7)   Pre Evacuate Collection Set: 0.2ms
[2024-03-11T19:28:48.389+0000][1562.403s] GC(7)   Merge Heap Roots: 0.1ms
[2024-03-11T19:28:48.389+0000][1562.403s] GC(7)   Evacuate Collection Set: 11.0ms
[2024-03-11T19:28:48.389+0000][1562.404s] GC(7)   Post Evacuate Collection Set: 1.1ms
[2024-03-11T19:28:48.390+0000][1562.404s] GC(7)   Other: 0.5ms
[2024-03-11T19:28:48.390+0000][1562.404s] GC(7) Eden regions: 1->0(305)
[2024-03-11T19:28:48.390+0000][1562.405s] GC(7) Survivor regions: 31->2(4)
[2024-03-11T19:28:48.390+0000][1562.405s] GC(7) Old regions: 12->41
[2024-03-11T19:28:48.391+0000][1562.405s] GC(7) Archive regions: 2->2
[2024-03-11T19:28:48.391+0000][1562.406s] GC(7) Humongous regions: 4->4
[2024-03-11T19:28:48.391+0000][1562.406s] GC(7) Metaspace: 56683K(57216K)->56683K(57216K) NonClass: 49383K(49664K)->49383K(49664K) Class: 7300K(7552K)->7300K(7552K)
[2024-03-11T19:28:48.392+0000][1562.406s] GC(7) Pause Young (Mixed) (G1 Evacuation Pause) 47M->47M(512M) 16.430ms
[2024-03-11T19:28:48.392+0000][1562.406s] GC(7) User=0.09s Sys=0.00s Real=0.01s
